// Jest Snapshot v1, https://goo.gl/fbAQLP

exports[`renders AuthForm 1`] = `
<div>
  <form>
    <label
      for="email"
    >
      Email
    </label>
    <input
      id="email"
      required=""
      type="email"
      value=""
    />
    <label
      for="password"
    >
      Password
    </label>
    <input
      id="password"
      required=""
      type="password"
      value=""
    />
    <input
      aria-label="submit form button"
      type="submit"
    />
  </form>
</div>
`;
